2026-09-14 09:39:34,726 - models.classifiers - INFO - Training XGBoost...
2026-09-14 09:39:34,846 - models.classifiers - INFO - XGBoost trained successfully
2026-09-14 09:39:34,847 - models.classifiers - INFO - Training LightGBM...
2026-09-14 09:39:34,917 - models.classifiers - INFO - LightGBM trained successfully
2026-09-14 09:39:34,921 - models.classifiers - INFO - Training XGBoost...
2026-09-14 09:39:34,944 - models.classifiers - INFO - XGBoost trained successfully
2026-09-14 09:39:34,944 - models.classifiers - INFO - Training LightGBM...
2026-09-14 09:39:34,953 - models.classifiers - INFO - LightGBM trained successfully
2026-09-14 09:39:34,953 - models.ensemble - INFO - Training ensemble with 2 models using hard voting...
2026-09-14 09:39:34,953 - models.ensemble - INFO -   Training model 1/2: XGBoost
2026-09-14 09:39:34,953 - models.classifiers - INFO - Training XGBoost...
2026-09-14 09:39:34,977 - models.classifiers - INFO - XGBoost trained successfully
2026-09-14 09:39:34,977 - models.ensemble - INFO -   Training model 2/2: LightGBM
2026-09-14 09:39:34,977 - models.classifiers - INFO - Training LightGBM...
2026-09-14 09:39:34,990 - models.classifiers - INFO - LightGBM trained successfully
2026-09-14 09:39:34,990 - models.ensemble - INFO - Ensemble training complete
2026-09-14 09:39:35,018 - models.classifiers - INFO - Training XGBoost...
2026-09-14 09:39:35,039 - models.classifiers - INFO - XGBoost trained successfully
2026-09-14 09:39:35,039 - models.classifiers - INFO - Training LightGBM...
2026-09-14 09:39:35,047 - models.classifiers - INFO - LightGBM trained successfully
2026-09-14 09:39:35,047 - models.ensemble - INFO - Training ensemble with 2 models using soft voting...
2026-09-14 09:39:35,047 - models.ensemble - INFO -   Training model 1/2: XGBoost
2026-09-14 09:39:35,047 - models.classifiers - INFO - Training XGBoost...
2026-09-14 09:39:35,076 - models.classifiers - INFO - XGBoost trained successfully
2026-09-14 09:39:35,076 - models.ensemble - INFO -   Training model 2/2: LightGBM
2026-09-14 09:39:35,076 - models.classifiers - INFO - Training LightGBM...
2026-09-14 09:39:35,084 - models.classifiers - INFO - LightGBM trained successfully
2026-09-14 09:39:35,084 - models.ensemble - INFO - Ensemble training complete
2026-09-14 09:39:35,098 - models.classifiers - INFO - Training XGBoost...
2026-09-14 09:39:35,131 - models.classifiers - INFO - XGBoost trained successfully
2026-09-14 09:39:35,131 - models.classifiers - INFO - Training LightGBM...
2026-09-14 09:39:35,138 - models.classifiers - INFO - LightGBM trained successfully
2026-09-14 09:39:35,139 - models.ensemble - INFO - Training ensemble with 2 models using soft voting...
2026-09-14 09:39:35,139 - models.ensemble - INFO -   Training model 1/2: XGBoost
2026-09-14 09:39:35,139 - models.classifiers - INFO - Training XGBoost...
2026-09-14 09:39:35,161 - models.classifiers - INFO - XGBoost trained successfully
2026-09-14 09:39:35,161 - models.ensemble - INFO -   Training model 2/2: LightGBM
2026-09-14 09:39:35,161 - models.classifiers - INFO - Training LightGBM...
2026-09-14 09:39:35,169 - models.classifiers - INFO - LightGBM trained successfully
2026-09-14 09:39:35,170 - models.ensemble - INFO - Ensemble training complete
2026-09-14 09:39:35,171 - models.classifiers - INFO - Training XGBoost...
2026-09-14 09:39:35,215 - models.classifiers - INFO - XGBoost trained successfully
2026-09-14 09:39:35,215 - models.classifiers - INFO - Training LightGBM...
2026-09-14 09:39:35,222 - models.classifiers - INFO - LightGBM trained successfully
2026-09-14 09:39:35,318 - features.engineer - INFO - Starting feature engineering (fit_transform)...
2026-09-14 09:39:35,355 - data.preprocessor - INFO - Starting preprocessing (fit_transform)...
2026-09-14 09:39:35,369 - data.preprocessor - INFO - Preprocessing complete. Shape: (5, 5)
2026-09-14 09:39:35,372 - models.signature_engine - INFO - Mining attack signatures from training data...
2026-09-14 09:39:35,388 - models.signature_engine - INFO - Signature mining complete: kept 2 signatures (from 9 candidates)
2026-09-14 09:39:35,388 - models.signature_engine - INFO -   IF flag='S0' THEN Attack (support=0.1953, confidence=1.0000, n=293)
2026-09-14 09:39:35,388 - models.signature_engine - INFO -   IF land=1 THEN Attack (support=0.0053, confidence=1.0000, n=8)
2026-09-14 09:39:35,390 - models.signature_engine - INFO - Mining attack signatures from training data...
2026-09-14 09:39:35,404 - models.signature_engine - INFO - Signature mining complete: kept 2 signatures (from 9 candidates)
2026-09-14 09:39:35,404 - models.signature_engine - INFO -   IF flag='S0' THEN Attack (support=0.1953, confidence=1.0000, n=293)
2026-09-14 09:39:35,404 - models.signature_engine - INFO -   IF land=1 THEN Attack (support=0.0053, confidence=1.0000, n=8)
2026-09-14 09:39:35,406 - models.signature_engine - INFO - Mining attack signatures from training data...
2026-09-14 09:39:35,422 - models.signature_engine - INFO - Signature mining complete: kept 2 signatures (from 9 candidates)
2026-09-14 09:39:35,422 - models.signature_engine - INFO -   IF flag='S0' THEN Attack (support=0.1953, confidence=1.0000, n=293)
2026-09-14 09:39:35,422 - models.signature_engine - INFO -   IF land=1 THEN Attack (support=0.0053, confidence=1.0000, n=8)
2026-09-14 09:39:35,424 - models.signature_engine - INFO - Mining attack signatures from training data...
2026-09-14 09:39:35,425 - models.signature_engine - INFO - Signature mining complete: kept 0 signatures (from 0 candidates)
2026-09-14 09:39:35,427 - models.signature_engine - INFO - Mining attack signatures from training data...
2026-09-14 09:39:35,437 - models.signature_engine - INFO - Signature mining complete: kept 2 signatures (from 9 candidates)
2026-09-14 09:39:35,437 - models.signature_engine - INFO -   IF flag='S0' THEN Attack (support=0.1953, confidence=1.0000, n=293)
2026-09-14 09:39:35,437 - models.signature_engine - INFO -   IF land=1 THEN Attack (support=0.0053, confidence=1.0000, n=8)
2026-09-14 09:39:35,439 - models.signature_engine - INFO - Mining attack signatures from training data...
2026-09-14 09:39:35,452 - models.signature_engine - INFO - Signature mining complete: kept 2 signatures (from 9 candidates)
2026-09-14 09:39:35,452 - models.signature_engine - INFO -   IF flag='S0' THEN Attack (support=0.1953, confidence=1.0000, n=293)
2026-09-14 09:39:35,452 - models.signature_engine - INFO -   IF land=1 THEN Attack (support=0.0053, confidence=1.0000, n=8)
2026-09-14 09:39:35,454 - models.signature_engine - INFO - Mining attack signatures from training data...
2026-09-14 09:39:35,473 - models.signature_engine - INFO - Signature mining complete: kept 2 signatures (from 9 candidates)
2026-09-14 09:39:35,473 - models.signature_engine - INFO -   IF flag='S0' THEN Attack (support=0.1953, confidence=1.0000, n=293)
2026-09-14 09:39:35,473 - models.signature_engine - INFO -   IF land=1 THEN Attack (support=0.0053, confidence=1.0000, n=8)
2026-09-14 09:39:35,476 - models.signature_engine - INFO - Mining attack signatures from training data...
2026-09-14 09:39:35,496 - models.signature_engine - INFO - Signature mining complete: kept 2 signatures (from 9 candidates)
2026-09-14 09:39:35,497 - models.signature_engine - INFO -   IF flag='S0' THEN Attack (support=0.1953, confidence=1.0000, n=293)
2026-09-14 09:39:35,497 - models.signature_engine - INFO -   IF land=1 THEN Attack (support=0.0053, confidence=1.0000, n=8)
2026-09-14 09:40:01,623 - models.classifiers - INFO - Training XGBoost...
2026-09-14 09:40:01,665 - models.classifiers - INFO - XGBoost trained successfully
2026-09-14 09:40:01,665 - models.classifiers - INFO - Training LightGBM...
2026-09-14 09:40:01,675 - models.classifiers - INFO - LightGBM trained successfully
2026-09-14 09:40:01,678 - models.classifiers - INFO - Training XGBoost...
2026-09-14 09:40:01,704 - models.classifiers - INFO - XGBoost trained successfully
2026-09-14 09:40:01,704 - models.classifiers - INFO - Training LightGBM...
2026-09-14 09:40:01,713 - models.classifiers - INFO - LightGBM trained successfully
2026-09-14 09:40:01,713 - models.ensemble - INFO - Training ensemble with 2 models using hard voting...
2026-09-14 09:40:01,713 - models.ensemble - INFO -   Training model 1/2: XGBoost
2026-09-14 09:40:01,714 - models.classifiers - INFO - Training XGBoost...
2026-09-14 09:40:01,764 - models.classifiers - INFO - XGBoost trained successfully
2026-09-14 09:40:01,765 - models.ensemble - INFO -   Training model 2/2: LightGBM
2026-09-14 09:40:01,765 - models.classifiers - INFO - Training LightGBM...
2026-09-14 09:40:01,773 - models.classifiers - INFO - LightGBM trained successfully
2026-09-14 09:40:01,773 - models.ensemble - INFO - Ensemble training complete
2026-09-14 09:40:01,781 - models.classifiers - INFO - Training XGBoost...
2026-09-14 09:40:01,809 - models.classifiers - INFO - XGBoost trained successfully
2026-09-14 09:40:01,809 - models.classifiers - INFO - Training LightGBM...
2026-09-14 09:40:01,818 - models.classifiers - INFO - LightGBM trained successfully
2026-09-14 09:40:01,819 - models.ensemble - INFO - Training ensemble with 2 models using soft voting...
2026-09-14 09:40:01,819 - models.ensemble - INFO -   Training model 1/2: XGBoost
2026-09-14 09:40:01,819 - models.classifiers - INFO - Training XGBoost...
2026-09-14 09:40:01,842 - models.classifiers - INFO - XGBoost trained successfully
2026-09-14 09:40:01,843 - models.ensemble - INFO -   Training model 2/2: LightGBM
2026-09-14 09:40:01,843 - models.classifiers - INFO - Training LightGBM...
2026-09-14 09:40:01,850 - models.classifiers - INFO - LightGBM trained successfully
2026-09-14 09:40:01,850 - models.ensemble - INFO - Ensemble training complete
2026-09-14 09:40:01,857 - models.classifiers - INFO - Training XGBoost...
2026-09-14 09:40:01,878 - models.classifiers - INFO - XGBoost trained successfully
2026-09-14 09:40:01,878 - models.classifiers - INFO - Training LightGBM...
2026-09-14 09:40:01,885 - models.classifiers - INFO - LightGBM trained successfully
2026-09-14 09:40:01,885 - models.ensemble - INFO - Training ensemble with 2 models using soft voting...
2026-09-14 09:40:01,885 - models.ensemble - INFO -   Training model 1/2: XGBoost
2026-09-14 09:40:01,885 - models.classifiers - INFO - Training XGBoost...
2026-09-14 09:40:01,926 - models.classifiers - INFO - XGBoost trained successfully
2026-09-14 09:40:01,926 - models.ensemble - INFO -   Training model 2/2: LightGBM
2026-09-14 09:40:01,926 - models.classifiers - INFO - Training LightGBM...
2026-09-14 09:40:01,933 - models.classifiers - INFO - LightGBM trained successfully
2026-09-14 09:40:01,933 - models.ensemble - INFO - Ensemble training complete
2026-09-14 09:40:01,935 - models.classifiers - INFO - Training XGBoost...
2026-09-14 09:40:01,958 - models.classifiers - INFO - XGBoost trained successfully
2026-09-14 09:40:01,958 - models.classifiers - INFO - Training LightGBM...
2026-09-14 09:40:01,965 - models.classifiers - INFO - LightGBM trained successfully
2026-09-14 09:40:01,979 - features.engineer - INFO - Starting feature engineering (fit_transform)...
2026-09-14 09:40:01,997 - data.preprocessor - INFO - Starting preprocessing (fit_transform)...
2026-09-14 09:40:02,009 - data.preprocessor - INFO - Preprocessing complete. Shape: (5, 5)
2026-09-14 09:40:02,013 - models.signature_engine - INFO - Mining attack signatures from training data...
2026-09-14 09:40:02,027 - models.signature_engine - INFO - Signature mining complete: kept 2 signatures (from 9 candidates)
2026-09-14 09:40:02,027 - models.signature_engine - INFO -   IF flag='S0' THEN Attack (support=0.1953, confidence=1.0000, n=293)
2026-09-14 09:40:02,027 - models.signature_engine - INFO -   IF land=1 THEN Attack (support=0.0053, confidence=1.0000, n=8)
2026-09-14 09:40:02,029 - models.signature_engine - INFO - Mining attack signatures from training data...
2026-09-14 09:40:02,041 - models.signature_engine - INFO - Signature mining complete: kept 2 signatures (from 9 candidates)
2026-09-14 09:40:02,041 - models.signature_engine - INFO -   IF flag='S0' THEN Attack (support=0.1953, confidence=1.0000, n=293)
2026-09-14 09:40:02,041 - models.signature_engine - INFO -   IF land=1 THEN Attack (support=0.0053, confidence=1.0000, n=8)
2026-09-14 09:40:02,043 - models.signature_engine - INFO - Mining attack signatures from training data...
2026-09-14 09:40:02,055 - models.signature_engine - INFO - Signature mining complete: kept 2 signatures (from 9 candidates)
2026-09-14 09:40:02,055 - models.signature_engine - INFO -   IF flag='S0' THEN Attack (support=0.1953, confidence=1.0000, n=293)
2026-09-14 09:40:02,055 - models.signature_engine - INFO -   IF land=1 THEN Attack (support=0.0053, confidence=1.0000, n=8)
2026-09-14 09:40:02,057 - models.signature_engine - INFO - Mining attack signatures from training data...
2026-09-14 09:40:02,059 - models.signature_engine - INFO - Signature mining complete: kept 0 signatures (from 0 candidates)
2026-09-14 09:40:02,061 - models.signature_engine - INFO - Mining attack signatures from training data...
2026-09-14 09:40:02,073 - models.signature_engine - INFO - Signature mining complete: kept 2 signatures (from 9 candidates)
2026-09-14 09:40:02,073 - models.signature_engine - INFO -   IF flag='S0' THEN Attack (support=0.1953, confidence=1.0000, n=293)
2026-09-14 09:40:02,073 - models.signature_engine - INFO -   IF land=1 THEN Attack (support=0.0053, confidence=1.0000, n=8)
2026-09-14 09:40:02,076 - models.signature_engine - INFO - Mining attack signatures from training data...
2026-09-14 09:40:02,086 - models.signature_engine - INFO - Signature mining complete: kept 2 signatures (from 9 candidates)
2026-09-14 09:40:02,087 - models.signature_engine - INFO -   IF flag='S0' THEN Attack (support=0.1953, confidence=1.0000, n=293)
2026-09-14 09:40:02,087 - models.signature_engine - INFO -   IF land=1 THEN Attack (support=0.0053, confidence=1.0000, n=8)
2026-09-14 09:40:02,089 - models.signature_engine - INFO - Mining attack signatures from training data...
2026-09-14 09:40:02,100 - models.signature_engine - INFO - Signature mining complete: kept 2 signatures (from 9 candidates)
2026-09-14 09:40:02,100 - models.signature_engine - INFO -   IF flag='S0' THEN Attack (support=0.1953, confidence=1.0000, n=293)
2026-09-14 09:40:02,100 - models.signature_engine - INFO -   IF land=1 THEN Attack (support=0.0053, confidence=1.0000, n=8)
2026-09-14 09:40:02,103 - models.signature_engine - INFO - Mining attack signatures from training data...
2026-09-14 09:40:02,115 - models.signature_engine - INFO - Signature mining complete: kept 2 signatures (from 9 candidates)
2026-09-14 09:40:02,115 - models.signature_engine - INFO -   IF flag='S0' THEN Attack (support=0.1953, confidence=1.0000, n=293)
2026-09-14 09:40:02,115 - models.signature_engine - INFO -   IF land=1 THEN Attack (support=0.0053, confidence=1.0000, n=8)
2026-09-14 09:40:18,874 - models.classifiers - INFO - Training XGBoost...
2026-09-14 09:40:18,908 - models.classifiers - INFO - XGBoost trained successfully
2026-09-14 09:40:18,908 - models.classifiers - INFO - Training LightGBM...
2026-09-14 09:40:18,923 - models.classifiers - INFO - LightGBM trained successfully
2026-09-14 09:40:18,925 - models.classifiers - INFO - Training XGBoost...
2026-09-14 09:40:18,960 - models.classifiers - INFO - XGBoost trained successfully
2026-09-14 09:40:18,960 - models.classifiers - INFO - Training LightGBM...
2026-09-14 09:40:18,969 - models.classifiers - INFO - LightGBM trained successfully
2026-09-14 09:40:18,970 - models.ensemble - INFO - Training ensemble with 2 models using hard voting...
2026-09-14 09:40:18,970 - models.ensemble - INFO -   Training model 1/2: XGBoost
2026-09-14 09:40:18,970 - models.classifiers - INFO - Training XGBoost...
2026-09-14 09:40:18,996 - models.classifiers - INFO - XGBoost trained successfully
2026-09-14 09:40:18,996 - models.ensemble - INFO -   Training model 2/2: LightGBM
2026-09-14 09:40:18,996 - models.classifiers - INFO - Training LightGBM...
2026-09-14 09:40:19,004 - models.classifiers - INFO - LightGBM trained successfully
2026-09-14 09:40:19,004 - models.ensemble - INFO - Ensemble training complete
2026-09-14 09:40:19,009 - models.classifiers - INFO - Training XGBoost...
2026-09-14 09:40:19,032 - models.classifiers - INFO - XGBoost trained successfully
2026-09-14 09:40:19,032 - models.classifiers - INFO - Training LightGBM...
2026-09-14 09:40:19,042 - models.classifiers - INFO - LightGBM trained successfully
2026-09-14 09:40:19,043 - models.ensemble - INFO - Training ensemble with 2 models using soft voting...
2026-09-14 09:40:19,043 - models.ensemble - INFO -   Training model 1/2: XGBoost
2026-09-14 09:40:19,043 - models.classifiers - INFO - Training XGBoost...
2026-09-14 09:40:19,069 - models.classifiers - INFO - XGBoost trained successfully
2026-09-14 09:40:19,069 - models.ensemble - INFO -   Training model 2/2: LightGBM
2026-09-14 09:40:19,069 - models.classifiers - INFO - Training LightGBM...
2026-09-14 09:40:19,077 - models.classifiers - INFO - LightGBM trained successfully
2026-09-14 09:40:19,077 - models.ensemble - INFO - Ensemble training complete
2026-09-14 09:40:19,084 - models.classifiers - INFO - Training XGBoost...
2026-09-14 09:40:19,119 - models.classifiers - INFO - XGBoost trained successfully
2026-09-14 09:40:19,119 - models.classifiers - INFO - Training LightGBM...
2026-09-14 09:40:19,127 - models.classifiers - INFO - LightGBM trained successfully
2026-09-14 09:40:19,128 - models.ensemble - INFO - Training ensemble with 2 models using soft voting...
2026-09-14 09:40:19,128 - models.ensemble - INFO -   Training model 1/2: XGBoost
2026-09-14 09:40:19,128 - models.classifiers - INFO - Training XGBoost...
2026-09-14 09:40:19,155 - models.classifiers - INFO - XGBoost trained successfully
2026-09-14 09:40:19,156 - models.ensemble - INFO -   Training model 2/2: LightGBM
2026-09-14 09:40:19,156 - models.classifiers - INFO - Training LightGBM...
2026-09-14 09:40:19,164 - models.classifiers - INFO - LightGBM trained successfully
2026-09-14 09:40:19,164 - models.ensemble - INFO - Ensemble training complete
2026-09-14 09:40:19,165 - models.classifiers - INFO - Training XGBoost...
2026-09-14 09:40:19,202 - models.classifiers - INFO - XGBoost trained successfully
2026-09-14 09:40:19,202 - models.classifiers - INFO - Training LightGBM...
2026-09-14 09:40:19,211 - models.classifiers - INFO - LightGBM trained successfully
2026-09-14 09:40:19,227 - features.engineer - INFO - Starting feature engineering (fit_transform)...
2026-09-14 09:40:19,250 - data.preprocessor - INFO - Starting preprocessing (fit_transform)...
2026-09-14 09:40:19,263 - data.preprocessor - INFO - Preprocessing complete. Shape: (5, 5)
2026-09-14 09:40:19,270 - models.signature_engine - INFO - Mining attack signatures from training data...
2026-09-14 09:40:19,291 - models.signature_engine - INFO - Signature mining complete: kept 2 signatures (from 9 candidates)
2026-09-14 09:40:19,291 - models.signature_engine - INFO -   IF flag='S0' THEN Attack (support=0.1953, confidence=1.0000, n=293)
2026-09-14 09:40:19,291 - models.signature_engine - INFO -   IF land=1 THEN Attack (support=0.0053, confidence=1.0000, n=8)
2026-09-14 09:40:19,293 - models.signature_engine - INFO - Mining attack signatures from training data...
2026-09-14 09:40:19,306 - models.signature_engine - INFO - Signature mining complete: kept 2 signatures (from 9 candidates)
2026-09-14 09:40:19,306 - models.signature_engine - INFO -   IF flag='S0' THEN Attack (support=0.1953, confidence=1.0000, n=293)
2026-09-14 09:40:19,306 - models.signature_engine - INFO -   IF land=1 THEN Attack (support=0.0053, confidence=1.0000, n=8)
2026-09-14 09:40:19,309 - models.signature_engine - INFO - Mining attack signatures from training data...
2026-09-14 09:40:19,321 - models.signature_engine - INFO - Signature mining complete: kept 2 signatures (from 9 candidates)
2026-09-14 09:40:19,321 - models.signature_engine - INFO -   IF flag='S0' THEN Attack (support=0.1953, confidence=1.0000, n=293)
2026-09-14 09:40:19,321 - models.signature_engine - INFO -   IF land=1 THEN Attack (support=0.0053, confidence=1.0000, n=8)
2026-09-14 09:40:19,327 - models.signature_engine - INFO - Mining attack signatures from training data...
2026-09-14 09:40:19,328 - models.signature_engine - INFO - Signature mining complete: kept 0 signatures (from 0 candidates)
2026-09-14 09:40:19,332 - models.signature_engine - INFO - Mining attack signatures from training data...
2026-09-14 09:40:19,346 - models.signature_engine - INFO - Signature mining complete: kept 2 signatures (from 9 candidates)
2026-09-14 09:40:19,346 - models.signature_engine - INFO -   IF flag='S0' THEN Attack (support=0.1953, confidence=1.0000, n=293)
2026-09-14 09:40:19,346 - models.signature_engine - INFO -   IF land=1 THEN Attack (support=0.0053, confidence=1.0000, n=8)
2026-09-14 09:40:19,349 - models.signature_engine - INFO - Mining attack signatures from training data...
2026-09-14 09:40:19,363 - models.signature_engine - INFO - Signature mining complete: kept 2 signatures (from 9 candidates)
2026-09-14 09:40:19,364 - models.signature_engine - INFO -   IF flag='S0' THEN Attack (support=0.1953, confidence=1.0000, n=293)
2026-09-14 09:40:19,364 - models.signature_engine - INFO -   IF land=1 THEN Attack (support=0.0053, confidence=1.0000, n=8)
2026-09-14 09:40:19,367 - models.signature_engine - INFO - Mining attack signatures from training data...
2026-09-14 09:40:19,380 - models.signature_engine - INFO - Signature mining complete: kept 2 signatures (from 9 candidates)
2026-09-14 09:40:19,380 - models.signature_engine - INFO -   IF flag='S0' THEN Attack (support=0.1953, confidence=1.0000, n=293)
2026-09-14 09:40:19,380 - models.signature_engine - INFO -   IF land=1 THEN Attack (support=0.0053, confidence=1.0000, n=8)
2026-09-14 09:40:19,383 - models.signature_engine - INFO - Mining attack signatures from training data...
2026-09-14 09:40:19,394 - models.signature_engine - INFO - Signature mining complete: kept 2 signatures (from 9 candidates)
2026-09-14 09:40:19,394 - models.signature_engine - INFO -   IF flag='S0' THEN Attack (support=0.1953, confidence=1.0000, n=293)
2026-09-14 09:40:19,395 - models.signature_engine - INFO -   IF land=1 THEN Attack (support=0.0053, confidence=1.0000, n=8)
2026-09-14 09:40:31,019 - models.classifiers - INFO - Training XGBoost...
2026-09-14 09:40:31,051 - models.classifiers - INFO - XGBoost trained successfully
2026-09-14 09:40:31,051 - models.classifiers - INFO - Training LightGBM...
2026-09-14 09:40:31,069 - models.classifiers - INFO - LightGBM trained successfully
2026-09-14 09:40:31,073 - models.classifiers - INFO - Training XGBoost...
2026-09-14 09:40:31,099 - models.classifiers - INFO - XGBoost trained successfully
2026-09-14 09:40:31,099 - models.classifiers - INFO - Training LightGBM...
2026-09-14 09:40:31,107 - models.classifiers - INFO - LightGBM trained successfully
2026-09-14 09:40:31,108 - models.ensemble - INFO - Training ensemble with 2 models using hard voting...
2026-09-14 09:40:31,108 - models.ensemble - INFO -   Training model 1/2: XGBoost
2026-09-14 09:40:31,108 - models.classifiers - INFO - Training XGBoost...
2026-09-14 09:40:31,137 - models.classifiers - INFO - XGBoost trained successfully
2026-09-14 09:40:31,137 - models.ensemble - INFO -   Training model 2/2: LightGBM
2026-09-14 09:40:31,137 - models.classifiers - INFO - Training LightGBM...
2026-09-14 09:40:31,148 - models.classifiers - INFO - LightGBM trained successfully
2026-09-14 09:40:31,148 - models.ensemble - INFO - Ensemble training complete
2026-09-14 09:40:31,154 - models.classifiers - INFO - Training XGBoost...
2026-09-14 09:40:31,181 - models.classifiers - INFO - XGBoost trained successfully
2026-09-14 09:40:31,181 - models.classifiers - INFO - Training LightGBM...
2026-09-14 09:40:31,198 - models.classifiers - INFO - LightGBM trained successfully
2026-09-14 09:40:31,199 - models.ensemble - INFO - Training ensemble with 2 models using soft voting...
2026-09-14 09:40:31,199 - models.ensemble - INFO -   Training model 1/2: XGBoost
2026-09-14 09:40:31,199 - models.classifiers - INFO - Training XGBoost...
2026-09-14 09:40:31,227 - models.classifiers - INFO - XGBoost trained successfully
2026-09-14 09:40:31,227 - models.ensemble - INFO -   Training model 2/2: LightGBM
2026-09-14 09:40:31,227 - models.classifiers - INFO - Training LightGBM...
2026-09-14 09:40:31,236 - models.classifiers - INFO - LightGBM trained successfully
2026-09-14 09:40:31,236 - models.ensemble - INFO - Ensemble training complete
2026-09-14 09:40:31,242 - models.classifiers - INFO - Training XGBoost...
2026-09-14 09:40:31,267 - models.classifiers - INFO - XGBoost trained successfully
2026-09-14 09:40:31,267 - models.classifiers - INFO - Training LightGBM...
2026-09-14 09:40:31,276 - models.classifiers - INFO - LightGBM trained successfully
2026-09-14 09:40:31,277 - models.ensemble - INFO - Training ensemble with 2 models using soft voting...
2026-09-14 09:40:31,277 - models.ensemble - INFO -   Training model 1/2: XGBoost
2026-09-14 09:40:31,277 - models.classifiers - INFO - Training XGBoost...
2026-09-14 09:40:31,318 - models.classifiers - INFO - XGBoost trained successfully
2026-09-14 09:40:31,318 - models.ensemble - INFO -   Training model 2/2: LightGBM
2026-09-14 09:40:31,318 - models.classifiers - INFO - Training LightGBM...
2026-09-14 09:40:31,326 - models.classifiers - INFO - LightGBM trained successfully
2026-09-14 09:40:31,326 - models.ensemble - INFO - Ensemble training complete
2026-09-14 09:40:31,328 - models.classifiers - INFO - Training XGBoost...
2026-09-14 09:40:31,351 - models.classifiers - INFO - XGBoost trained successfully
2026-09-14 09:40:31,351 - models.classifiers - INFO - Training LightGBM...
2026-09-14 09:40:31,358 - models.classifiers - INFO - LightGBM trained successfully
2026-09-14 09:40:31,371 - features.engineer - INFO - Starting feature engineering (fit_transform)...
2026-09-14 09:40:31,391 - data.preprocessor - INFO - Starting preprocessing (fit_transform)...
2026-09-14 09:40:31,408 - data.preprocessor - INFO - Preprocessing complete. Shape: (5, 5)
2026-09-14 09:40:31,411 - models.signature_engine - INFO - Mining attack signatures from training data...
2026-09-14 09:40:31,428 - models.signature_engine - INFO - Signature mining complete: kept 2 signatures (from 9 candidates)
2026-09-14 09:40:31,428 - models.signature_engine - INFO -   IF flag='S0' THEN Attack (support=0.1953, confidence=1.0000, n=293)
2026-09-14 09:40:31,428 - models.signature_engine - INFO -   IF land=1 THEN Attack (support=0.0053, confidence=1.0000, n=8)
2026-09-14 09:40:31,432 - models.signature_engine - INFO - Mining attack signatures from training data...
2026-09-14 09:40:31,448 - models.signature_engine - INFO - Signature mining complete: kept 2 signatures (from 9 candidates)
2026-09-14 09:40:31,449 - models.signature_engine - INFO -   IF flag='S0' THEN Attack (support=0.1953, confidence=1.0000, n=293)
2026-09-14 09:40:31,449 - models.signature_engine - INFO -   IF land=1 THEN Attack (support=0.0053, confidence=1.0000, n=8)
2026-09-14 09:40:31,453 - models.signature_engine - INFO - Mining attack signatures from training data...
2026-09-14 09:40:31,464 - models.signature_engine - INFO - Signature mining complete: kept 2 signatures (from 9 candidates)
2026-09-14 09:40:31,464 - models.signature_engine - INFO -   IF flag='S0' THEN Attack (support=0.1953, confidence=1.0000, n=293)
2026-09-14 09:40:31,464 - models.signature_engine - INFO -   IF land=1 THEN Attack (support=0.0053, confidence=1.0000, n=8)
2026-09-14 09:40:31,467 - models.signature_engine - INFO - Mining attack signatures from training data...
2026-09-14 09:40:31,468 - models.signature_engine - INFO - Signature mining complete: kept 0 signatures (from 0 candidates)
2026-09-14 09:40:31,470 - models.signature_engine - INFO - Mining attack signatures from training data...
2026-09-14 09:40:31,481 - models.signature_engine - INFO - Signature mining complete: kept 2 signatures (from 9 candidates)
2026-09-14 09:40:31,481 - models.signature_engine - INFO -   IF flag='S0' THEN Attack (support=0.1953, confidence=1.0000, n=293)
2026-09-14 09:40:31,481 - models.signature_engine - INFO -   IF land=1 THEN Attack (support=0.0053, confidence=1.0000, n=8)
2026-09-14 09:40:31,484 - models.signature_engine - INFO - Mining attack signatures from training data...
2026-09-14 09:40:31,495 - models.signature_engine - INFO - Signature mining complete: kept 2 signatures (from 9 candidates)
2026-09-14 09:40:31,495 - models.signature_engine - INFO -   IF flag='S0' THEN Attack (support=0.1953, confidence=1.0000, n=293)
2026-09-14 09:40:31,495 - models.signature_engine - INFO -   IF land=1 THEN Attack (support=0.0053, confidence=1.0000, n=8)
2026-09-14 09:40:31,498 - models.signature_engine - INFO - Mining attack signatures from training data...
2026-09-14 09:40:31,510 - models.signature_engine - INFO - Signature mining complete: kept 2 signatures (from 9 candidates)
2026-09-14 09:40:31,510 - models.signature_engine - INFO -   IF flag='S0' THEN Attack (support=0.1953, confidence=1.0000, n=293)
2026-09-14 09:40:31,510 - models.signature_engine - INFO -   IF land=1 THEN Attack (support=0.0053, confidence=1.0000, n=8)
2026-09-14 09:40:31,513 - models.signature_engine - INFO - Mining attack signatures from training data...
2026-09-14 09:40:31,524 - models.signature_engine - INFO - Signature mining complete: kept 2 signatures (from 9 candidates)
2026-09-14 09:40:31,524 - models.signature_engine - INFO -   IF flag='S0' THEN Attack (support=0.1953, confidence=1.0000, n=293)
2026-09-14 09:40:31,524 - models.signature_engine - INFO -   IF land=1 THEN Attack (support=0.0053, confidence=1.0000, n=8)
2026-09-14 09:40:44,333 - models.classifiers - INFO - Training XGBoost...
2026-09-14 09:40:44,391 - models.classifiers - INFO - XGBoost trained successfully
2026-09-14 09:40:44,392 - models.classifiers - INFO - Training LightGBM...
2026-09-14 09:40:44,406 - models.classifiers - INFO - LightGBM trained successfully
2026-09-14 09:40:44,408 - models.classifiers - INFO - Training XGBoost...
2026-09-14 09:40:44,436 - models.classifiers - INFO - XGBoost trained successfully
2026-09-14 09:40:44,437 - models.classifiers - INFO - Training LightGBM...
2026-09-14 09:40:44,444 - models.classifiers - INFO - LightGBM trained successfully
2026-09-14 09:40:44,444 - models.ensemble - INFO - Training ensemble with 2 models using hard voting...
2026-09-14 09:40:44,444 - models.ensemble - INFO -   Training model 1/2: XGBoost
2026-09-14 09:40:44,444 - models.classifiers - INFO - Training XGBoost...
2026-09-14 09:40:44,470 - models.classifiers - INFO - XGBoost trained successfully
2026-09-14 09:40:44,470 - models.ensemble - INFO -   Training model 2/2: LightGBM
2026-09-14 09:40:44,470 - models.classifiers - INFO - Training LightGBM...
2026-09-14 09:40:44,479 - models.classifiers - INFO - LightGBM trained successfully
2026-09-14 09:40:44,479 - models.ensemble - INFO - Ensemble training complete
2026-09-14 09:40:44,484 - models.classifiers - INFO - Training XGBoost...
2026-09-14 09:40:44,509 - models.classifiers - INFO - XGBoost trained successfully
2026-09-14 09:40:44,509 - models.classifiers - INFO - Training LightGBM...
2026-09-14 09:40:44,516 - models.classifiers - INFO - LightGBM trained successfully
2026-09-14 09:40:44,517 - models.ensemble - INFO - Training ensemble with 2 models using soft voting...
2026-09-14 09:40:44,517 - models.ensemble - INFO -   Training model 1/2: XGBoost
2026-09-14 09:40:44,517 - models.classifiers - INFO - Training XGBoost...
2026-09-14 09:40:44,546 - models.classifiers - INFO - XGBoost trained successfully
2026-09-14 09:40:44,546 - models.ensemble - INFO -   Training model 2/2: LightGBM
2026-09-14 09:40:44,546 - models.classifiers - INFO - Training LightGBM...
2026-09-14 09:40:44,553 - models.classifiers - INFO - LightGBM trained successfully
2026-09-14 09:40:44,553 - models.ensemble - INFO - Ensemble training complete
2026-09-14 09:40:44,565 - models.classifiers - INFO - Training XGBoost...
2026-09-14 09:40:44,610 - models.classifiers - INFO - XGBoost trained successfully
2026-09-14 09:40:44,611 - models.classifiers - INFO - Training LightGBM...
2026-09-14 09:40:44,619 - models.classifiers - INFO - LightGBM trained successfully
2026-09-14 09:40:44,620 - models.ensemble - INFO - Training ensemble with 2 models using soft voting...
2026-09-14 09:40:44,620 - models.ensemble - INFO -   Training model 1/2: XGBoost
2026-09-14 09:40:44,620 - models.classifiers - INFO - Training XGBoost...
2026-09-14 09:40:44,645 - models.classifiers - INFO - XGBoost trained successfully
2026-09-14 09:40:44,645 - models.ensemble - INFO -   Training model 2/2: LightGBM
2026-09-14 09:40:44,645 - models.classifiers - INFO - Training LightGBM...
2026-09-14 09:40:44,652 - models.classifiers - INFO - LightGBM trained successfully
2026-09-14 09:40:44,652 - models.ensemble - INFO - Ensemble training complete
2026-09-14 09:40:44,654 - models.classifiers - INFO - Training XGBoost...
2026-09-14 09:40:44,675 - models.classifiers - INFO - XGBoost trained successfully
2026-09-14 09:40:44,675 - models.classifiers - INFO - Training LightGBM...
2026-09-14 09:40:44,682 - models.classifiers - INFO - LightGBM trained successfully
2026-09-14 09:40:44,701 - features.engineer - INFO - Starting feature engineering (fit_transform)...
2026-09-14 09:40:44,720 - data.preprocessor - INFO - Starting preprocessing (fit_transform)...
2026-09-14 09:40:44,796 - models.signature_engine - INFO - Mining attack signatures from training data...
2026-09-14 09:40:44,809 - models.signature_engine - INFO - Signature mining complete: kept 2 signatures (from 9 candidates)
2026-09-14 09:40:44,809 - models.signature_engine - INFO -   IF flag='S0' THEN Attack (support=0.1953, confidence=1.0000, n=293)
2026-09-14 09:40:44,809 - models.signature_engine - INFO -   IF land=1 THEN Attack (support=0.0053, confidence=1.0000, n=8)
2026-09-14 09:40:44,813 - models.signature_engine - INFO - Mining attack signatures from training data...
2026-09-14 09:40:44,829 - models.signature_engine - INFO - Signature mining complete: kept 2 signatures (from 9 candidates)
2026-09-14 09:40:44,829 - models.signature_engine - INFO -   IF flag='S0' THEN Attack (support=0.1953, confidence=1.0000, n=293)
2026-09-14 09:40:44,829 - models.signature_engine - INFO -   IF land=1 THEN Attack (support=0.0053, confidence=1.0000, n=8)
2026-09-14 09:40:44,833 - models.signature_engine - INFO - Mining attack signatures from training data...
2026-09-14 09:40:44,844 - models.signature_engine - INFO - Signature mining complete: kept 2 signatures (from 9 candidates)
2026-09-14 09:40:44,845 - models.signature_engine - INFO -   IF flag='S0' THEN Attack (support=0.1953, confidence=1.0000, n=293)
2026-09-14 09:40:44,845 - models.signature_engine - INFO -   IF land=1 THEN Attack (support=0.0053, confidence=1.0000, n=8)
2026-09-14 09:40:44,847 - models.signature_engine - INFO - Mining attack signatures from training data...
2026-09-14 09:40:44,848 - models.signature_engine - INFO - Signature mining complete: kept 0 signatures (from 0 candidates)
2026-09-14 09:40:44,851 - models.signature_engine - INFO - Mining attack signatures from training data...
2026-09-14 09:40:44,862 - models.signature_engine - INFO - Signature mining complete: kept 2 signatures (from 9 candidates)
2026-09-14 09:40:44,862 - models.signature_engine - INFO -   IF flag='S0' THEN Attack (support=0.1953, confidence=1.0000, n=293)
2026-09-14 09:40:44,862 - models.signature_engine - INFO -   IF land=1 THEN Attack (support=0.0053, confidence=1.0000, n=8)
2026-09-14 09:40:44,865 - models.signature_engine - INFO - Mining attack signatures from training data...
2026-09-14 09:40:44,877 - models.signature_engine - INFO - Signature mining complete: kept 2 signatures (from 9 candidates)
2026-09-14 09:40:44,877 - models.signature_engine - INFO -   IF flag='S0' THEN Attack (support=0.1953, confidence=1.0000, n=293)
2026-09-14 09:40:44,877 - models.signature_engine - INFO -   IF land=1 THEN Attack (support=0.0053, confidence=1.0000, n=8)
2026-09-14 09:40:44,881 - models.signature_engine - INFO - Mining attack signatures from training data...
2026-09-14 09:40:44,898 - models.signature_engine - INFO - Signature mining complete: kept 2 signatures (from 9 candidates)
2026-09-14 09:40:44,898 - models.signature_engine - INFO -   IF flag='S0' THEN Attack (support=0.1953, confidence=1.0000, n=293)
2026-09-14 09:40:44,898 - models.signature_engine - INFO -   IF land=1 THEN Attack (support=0.0053, confidence=1.0000, n=8)
2026-09-14 09:40:44,900 - models.signature_engine - INFO - Mining attack signatures from training data...
2026-09-14 09:40:44,911 - models.signature_engine - INFO - Signature mining complete: kept 2 signatures (from 9 candidates)
2026-09-14 09:40:44,911 - models.signature_engine - INFO -   IF flag='S0' THEN Attack (support=0.1953, confidence=1.0000, n=293)
2026-09-14 09:40:44,912 - models.signature_engine - INFO -   IF land=1 THEN Attack (support=0.0053, confidence=1.0000, n=8)
2026-09-14 09:40:53,746 - models.classifiers - INFO - Training XGBoost...
2026-09-14 09:40:53,778 - models.classifiers - INFO - XGBoost trained successfully
2026-09-14 09:40:53,779 - models.classifiers - INFO - Training LightGBM...
2026-09-14 09:40:53,791 - models.classifiers - INFO - LightGBM trained successfully
2026-09-14 09:40:53,793 - models.classifiers - INFO - Training XGBoost...
2026-09-14 09:40:53,822 - models.classifiers - INFO - XGBoost trained successfully
2026-09-14 09:40:53,822 - models.classifiers - INFO - Training LightGBM...
2026-09-14 09:40:53,833 - models.classifiers - INFO - LightGBM trained successfully
2026-09-14 09:40:53,834 - models.ensemble - INFO - Training ensemble with 2 models using hard voting...
2026-09-14 09:40:53,834 - models.ensemble - INFO -   Training model 1/2: XGBoost
2026-09-14 09:40:53,834 - models.classifiers - INFO - Training XGBoost...
2026-09-14 09:40:53,868 - models.classifiers - INFO - XGBoost trained successfully
2026-09-14 09:40:53,868 - models.ensemble - INFO -   Training model 2/2: LightGBM
2026-09-14 09:40:53,868 - models.classifiers - INFO - Training LightGBM...
2026-09-14 09:40:53,877 - models.classifiers - INFO - LightGBM trained successfully
2026-09-14 09:40:53,877 - models.ensemble - INFO - Ensemble training complete
2026-09-14 09:40:53,882 - models.classifiers - INFO - Training XGBoost...
2026-09-14 09:40:53,908 - models.classifiers - INFO - XGBoost trained successfully
2026-09-14 09:40:53,908 - models.classifiers - INFO - Training LightGBM...
2026-09-14 09:40:53,916 - models.classifiers - INFO - LightGBM trained successfully
2026-09-14 09:40:53,916 - models.ensemble - INFO - Training ensemble with 2 models using soft voting...
2026-09-14 09:40:53,916 - models.ensemble - INFO -   Training model 1/2: XGBoost
2026-09-14 09:40:53,916 - models.classifiers - INFO - Training XGBoost...
2026-09-14 09:40:53,938 - models.classifiers - INFO - XGBoost trained successfully
2026-09-14 09:40:53,938 - models.ensemble - INFO -   Training model 2/2: LightGBM
2026-09-14 09:40:53,938 - models.classifiers - INFO - Training LightGBM...
2026-09-14 09:40:53,945 - models.classifiers - INFO - LightGBM trained successfully
2026-09-14 09:40:53,945 - models.ensemble - INFO - Ensemble training complete
2026-09-14 09:40:53,952 - models.classifiers - INFO - Training XGBoost...
2026-09-14 09:40:53,975 - models.classifiers - INFO - XGBoost trained successfully
2026-09-14 09:40:53,975 - models.classifiers - INFO - Training LightGBM...
2026-09-14 09:40:53,999 - models.classifiers - INFO - LightGBM trained successfully
2026-09-14 09:40:53,999 - models.ensemble - INFO - Training ensemble with 2 models using soft voting...
2026-09-14 09:40:53,999 - models.ensemble - INFO -   Training model 1/2: XGBoost
2026-09-14 09:40:53,999 - models.classifiers - INFO - Training XGBoost...
2026-09-14 09:40:54,022 - models.classifiers - INFO - XGBoost trained successfully
2026-09-14 09:40:54,022 - models.ensemble - INFO -   Training model 2/2: LightGBM
2026-09-14 09:40:54,022 - models.classifiers - INFO - Training LightGBM...
2026-09-14 09:40:54,029 - models.classifiers - INFO - LightGBM trained successfully
2026-09-14 09:40:54,029 - models.ensemble - INFO - Ensemble training complete
2026-09-14 09:40:54,031 - models.classifiers - INFO - Training XGBoost...
2026-09-14 09:40:54,059 - models.classifiers - INFO - XGBoost trained successfully
2026-09-14 09:40:54,059 - models.classifiers - INFO - Training LightGBM...
2026-09-14 09:40:54,071 - models.classifiers - INFO - LightGBM trained successfully
2026-09-14 09:40:54,086 - features.engineer - INFO - Starting feature engineering (fit_transform)...
2026-09-14 09:40:54,108 - data.preprocessor - INFO - Starting preprocessing (fit_transform)...
2026-09-14 09:40:54,123 - data.preprocessor - INFO - Preprocessing complete. Shape: (5, 5)
2026-09-14 09:40:54,125 - models.signature_engine - INFO - Mining attack signatures from training data...
2026-09-14 09:40:54,137 - models.signature_engine - INFO - Signature mining complete: kept 2 signatures (from 9 candidates)
2026-09-14 09:40:54,137 - models.signature_engine - INFO -   IF flag='S0' THEN Attack (support=0.1953, confidence=1.0000, n=293)
2026-09-14 09:40:54,137 - models.signature_engine - INFO -   IF land=1 THEN Attack (support=0.0053, confidence=1.0000, n=8)
2026-09-14 09:40:54,140 - models.signature_engine - INFO - Mining attack signatures from training data...
2026-09-14 09:40:54,152 - models.signature_engine - INFO - Signature mining complete: kept 2 signatures (from 9 candidates)
2026-09-14 09:40:54,152 - models.signature_engine - INFO -   IF flag='S0' THEN Attack (support=0.1953, confidence=1.0000, n=293)
2026-09-14 09:40:54,152 - models.signature_engine - INFO -   IF land=1 THEN Attack (support=0.0053, confidence=1.0000, n=8)
2026-09-14 09:40:54,155 - models.signature_engine - INFO - Mining attack signatures from training data...
2026-09-14 09:40:54,167 - models.signature_engine - INFO - Signature mining complete: kept 2 signatures (from 9 candidates)
2026-09-14 09:40:54,167 - models.signature_engine - INFO -   IF flag='S0' THEN Attack (support=0.1953, confidence=1.0000, n=293)
2026-09-14 09:40:54,167 - models.signature_engine - INFO -   IF land=1 THEN Attack (support=0.0053, confidence=1.0000, n=8)
2026-09-14 09:40:54,169 - models.signature_engine - INFO - Mining attack signatures from training data...
2026-09-14 09:40:54,170 - models.signature_engine - INFO - Signature mining complete: kept 0 signatures (from 0 candidates)
2026-09-14 09:40:54,173 - models.signature_engine - INFO - Mining attack signatures from training data...
2026-09-14 09:40:54,184 - models.signature_engine - INFO - Signature mining complete: kept 2 signatures (from 9 candidates)
2026-09-14 09:40:54,184 - models.signature_engine - INFO -   IF flag='S0' THEN Attack (support=0.1953, confidence=1.0000, n=293)
2026-09-14 09:40:54,184 - models.signature_engine - INFO -   IF land=1 THEN Attack (support=0.0053, confidence=1.0000, n=8)
2026-09-14 09:40:54,187 - models.signature_engine - INFO - Mining attack signatures from training data...
2026-09-14 09:40:54,199 - models.signature_engine - INFO - Signature mining complete: kept 2 signatures (from 9 candidates)
2026-09-14 09:40:54,199 - models.signature_engine - INFO -   IF flag='S0' THEN Attack (support=0.1953, confidence=1.0000, n=293)
2026-09-14 09:40:54,199 - models.signature_engine - INFO -   IF land=1 THEN Attack (support=0.0053, confidence=1.0000, n=8)
2026-09-14 09:40:54,201 - models.signature_engine - INFO - Mining attack signatures from training data...
2026-09-14 09:40:54,214 - models.signature_engine - INFO - Signature mining complete: kept 2 signatures (from 9 candidates)
2026-09-14 09:40:54,214 - models.signature_engine - INFO -   IF flag='S0' THEN Attack (support=0.1953, confidence=1.0000, n=293)
2026-09-14 09:40:54,214 - models.signature_engine - INFO -   IF land=1 THEN Attack (support=0.0053, confidence=1.0000, n=8)
2026-09-14 09:40:54,216 - models.signature_engine - INFO - Mining attack signatures from training data...
2026-09-14 09:40:54,231 - models.signature_engine - INFO - Signature mining complete: kept 2 signatures (from 9 candidates)
2026-09-14 09:40:54,231 - models.signature_engine - INFO -   IF flag='S0' THEN Attack (support=0.1953, confidence=1.0000, n=293)
2026-09-14 09:40:54,231 - models.signature_engine - INFO -   IF land=1 THEN Attack (support=0.0053, confidence=1.0000, n=8)
2026-09-14 09:41:09,470 - data.preprocessor - INFO - Starting preprocessing (fit_transform)...
2026-09-14 09:41:09,510 - data.preprocessor - INFO - Preprocessing complete. Shape: (225, 47)
2026-09-14 09:41:09,511 - features.engineer - INFO - Starting feature engineering (fit_transform)...
2026-09-14 09:41:09,538 - models.classifiers - INFO - Training XGBoost...
2026-09-14 09:41:09,568 - models.classifiers - INFO - XGBoost trained successfully
2026-09-14 09:41:09,568 - models.classifiers - INFO - Training LightGBM...
2026-09-14 09:41:09,581 - models.classifiers - INFO - LightGBM trained successfully
2026-09-14 09:41:09,581 - models.classifiers - INFO - Training RandomForest...
2026-09-14 09:41:09,619 - models.classifiers - INFO - RandomForest trained successfully
2026-09-14 09:41:09,619 - models.classifiers - INFO - Training SVM...
2026-09-14 09:41:09,637 - models.classifiers - INFO - SVM trained successfully
2026-09-14 09:41:09,637 - models.classifiers - INFO - Training LogisticRegression...
2026-09-14 09:41:09,642 - models.classifiers - INFO - LogisticRegression trained successfully
2026-09-14 09:41:09,643 - models.ensemble - INFO - Training ensemble with 5 models using soft voting...
2026-09-14 09:41:09,643 - models.ensemble - INFO -   Training model 1/5: XGBoost
2026-09-14 09:41:09,643 - models.classifiers - INFO - Training XGBoost...
2026-09-14 09:41:09,657 - models.classifiers - INFO - XGBoost trained successfully
2026-09-14 09:41:09,657 - models.ensemble - INFO -   Training model 2/5: LightGBM
2026-09-14 09:41:09,657 - models.classifiers - INFO - Training LightGBM...
2026-09-14 09:41:09,666 - models.classifiers - INFO - LightGBM trained successfully
2026-09-14 09:41:09,666 - models.ensemble - INFO -   Training model 3/5: RandomForest
2026-09-14 09:41:09,666 - models.classifiers - INFO - Training RandomForest...
2026-09-14 09:41:09,682 - models.classifiers - INFO - RandomForest trained successfully
2026-09-14 09:41:09,682 - models.ensemble - INFO -   Training model 4/5: SVM
2026-09-14 09:41:09,682 - models.classifiers - INFO - Training SVM...
2026-09-14 09:41:09,701 - models.classifiers - INFO - SVM trained successfully
2026-09-14 09:41:09,701 - models.ensemble - INFO -   Training model 5/5: LogisticRegression
2026-09-14 09:41:09,701 - models.classifiers - INFO - Training LogisticRegression...
2026-09-14 09:41:09,715 - models.classifiers - INFO - LogisticRegression trained successfully
2026-09-14 09:41:09,715 - models.ensemble - INFO - Ensemble training complete
2026-09-14 09:41:09,716 - models.signature_engine - INFO - Mining attack signatures from training data...
2026-09-14 09:41:09,743 - models.signature_engine - INFO - Signature mining complete: kept 2 signatures (from 8 candidates)
2026-09-14 09:41:09,745 - models.signature_engine - INFO -   IF flag='S0' THEN Attack (support=0.3467, confidence=1.0000, n=78)
2026-09-14 09:41:09,745 - models.signature_engine - INFO -   IF land=1 THEN Attack (support=0.0711, confidence=1.0000, n=16)
2026-09-14 09:41:09,745 - models.ensemble - INFO - Training ensemble with 5 models using soft voting...
2026-09-14 09:41:09,745 - models.ensemble - INFO -   Training model 1/5: XGBoost
2026-09-14 09:41:09,745 - models.classifiers - INFO - Training XGBoost...
2026-09-14 09:41:09,763 - models.classifiers - INFO - XGBoost trained successfully
2026-09-14 09:41:09,763 - models.ensemble - INFO -   Training model 2/5: LightGBM
2026-09-14 09:41:09,763 - models.classifiers - INFO - Training LightGBM...
2026-09-14 09:41:09,806 - models.classifiers - INFO - LightGBM trained successfully
2026-09-14 09:41:09,806 - models.ensemble - INFO -   Training model 3/5: RandomForest
2026-09-14 09:41:09,806 - models.classifiers - INFO - Training RandomForest...
2026-09-14 09:41:09,843 - models.classifiers - INFO - RandomForest trained successfully
2026-09-14 09:41:09,843 - models.ensemble - INFO -   Training model 4/5: SVM
2026-09-14 09:41:09,843 - models.classifiers - INFO - Training SVM...
2026-09-14 09:41:09,860 - models.classifiers - INFO - SVM trained successfully
2026-09-14 09:41:09,860 - models.ensemble - INFO -   Training model 5/5: LogisticRegression
2026-09-14 09:41:09,860 - models.classifiers - INFO - Training LogisticRegression...
2026-09-14 09:41:09,864 - models.classifiers - INFO - LogisticRegression trained successfully
2026-09-14 09:41:09,864 - models.ensemble - INFO - Ensemble training complete
2026-09-14 09:41:10,046 - evaluation.metrics - INFO - Optimal threshold for f1: 0.198 (1.0000)
2026-09-14 09:41:26,122 - models.classifiers - INFO - Training XGBoost...
2026-09-14 09:41:26,157 - models.classifiers - INFO - XGBoost trained successfully
2026-09-14 09:41:26,157 - models.classifiers - INFO - Training LightGBM...
2026-09-14 09:41:26,167 - models.classifiers - INFO - LightGBM trained successfully
2026-09-14 09:41:26,169 - models.classifiers - INFO - Training XGBoost...
2026-09-14 09:41:26,198 - models.classifiers - INFO - XGBoost trained successfully
2026-09-14 09:41:26,198 - models.classifiers - INFO - Training LightGBM...
2026-09-14 09:41:26,218 - models.classifiers - INFO - LightGBM trained successfully
2026-09-14 09:41:26,218 - models.ensemble - INFO - Training ensemble with 2 models using hard voting...
2026-09-14 09:41:26,218 - models.ensemble - INFO -   Reusing already-trained model 1/2: XGBoost
2026-09-14 09:41:26,218 - models.ensemble - INFO -   Reusing already-trained model 2/2: LightGBM
2026-09-14 09:41:26,218 - models.ensemble - INFO - Ensemble training complete
2026-09-14 09:41:26,225 - models.classifiers - INFO - Training XGBoost...
2026-09-14 09:41:26,252 - models.classifiers - INFO - XGBoost trained successfully
2026-09-14 09:41:26,252 - models.classifiers - INFO - Training LightGBM...
2026-09-14 09:41:26,260 - models.classifiers - INFO - LightGBM trained successfully
2026-09-14 09:41:26,261 - models.ensemble - INFO - Training ensemble with 2 models using soft voting...
2026-09-14 09:41:26,261 - models.ensemble - INFO -   Reusing already-trained model 1/2: XGBoost
2026-09-14 09:41:26,261 - models.ensemble - INFO -   Reusing already-trained model 2/2: LightGBM
2026-09-14 09:41:26,261 - models.ensemble - INFO - Ensemble training complete
2026-09-14 09:41:26,267 - models.classifiers - INFO - Training XGBoost...
2026-09-14 09:41:26,303 - models.classifiers - INFO - XGBoost trained successfully
2026-09-14 09:41:26,303 - models.classifiers - INFO - Training LightGBM...
2026-09-14 09:41:26,316 - models.classifiers - INFO - LightGBM trained successfully
2026-09-14 09:41:26,317 - models.ensemble - INFO - Training ensemble with 2 models using soft voting...
2026-09-14 09:41:26,317 - models.ensemble - INFO -   Reusing already-trained model 1/2: XGBoost
2026-09-14 09:41:26,317 - models.ensemble - INFO -   Reusing already-trained model 2/2: LightGBM
2026-09-14 09:41:26,317 - models.ensemble - INFO - Ensemble training complete
2026-09-14 09:41:26,318 - models.classifiers - INFO - Training XGBoost...
2026-09-14 09:41:26,353 - models.classifiers - INFO - XGBoost trained successfully
2026-09-14 09:41:26,353 - models.classifiers - INFO - Training LightGBM...
2026-09-14 09:41:26,367 - models.classifiers - INFO - LightGBM trained successfully
2026-09-14 09:41:26,380 - features.engineer - INFO - Starting feature engineering (fit_transform)...
2026-09-14 09:41:26,401 - data.preprocessor - INFO - Starting preprocessing (fit_transform)...
2026-09-14 09:41:26,423 - data.preprocessor - INFO - Preprocessing complete. Shape: (5, 5)
2026-09-14 09:41:26,427 - models.signature_engine - INFO - Mining attack signatures from training data...
2026-09-14 09:41:26,446 - models.signature_engine - INFO - Signature mining complete: kept 2 signatures (from 9 candidates)
2026-09-14 09:41:26,446 - models.signature_engine - INFO -   IF flag='S0' THEN Attack (support=0.1953, confidence=1.0000, n=293)
2026-09-14 09:41:26,446 - models.signature_engine - INFO -   IF land=1 THEN Attack (support=0.0053, confidence=1.0000, n=8)
2026-09-14 09:41:26,449 - models.signature_engine - INFO - Mining attack signatures from training data...
2026-09-14 09:41:26,463 - models.signature_engine - INFO - Signature mining complete: kept 2 signatures (from 9 candidates)
2026-09-14 09:41:26,463 - models.signature_engine - INFO -   IF flag='S0' THEN Attack (support=0.1953, confidence=1.0000, n=293)
2026-09-14 09:41:26,463 - models.signature_engine - INFO -   IF land=1 THEN Attack (support=0.0053, confidence=1.0000, n=8)
2026-09-14 09:41:26,466 - models.signature_engine - INFO - Mining attack signatures from training data...
2026-09-14 09:41:26,481 - models.signature_engine - INFO - Signature mining complete: kept 2 signatures (from 9 candidates)
2026-09-14 09:41:26,481 - models.signature_engine - INFO -   IF flag='S0' THEN Attack (support=0.1953, confidence=1.0000, n=293)
2026-09-14 09:41:26,481 - models.signature_engine - INFO -   IF land=1 THEN Attack (support=0.0053, confidence=1.0000, n=8)
2026-09-14 09:41:26,484 - models.signature_engine - INFO - Mining attack signatures from training data...
2026-09-14 09:41:26,485 - models.signature_engine - INFO - Signature mining complete: kept 0 signatures (from 0 candidates)
2026-09-14 09:41:26,487 - models.signature_engine - INFO - Mining attack signatures from training data...
2026-09-14 09:41:26,500 - models.signature_engine - INFO - Signature mining complete: kept 2 signatures (from 9 candidates)
2026-09-14 09:41:26,500 - models.signature_engine - INFO -   IF flag='S0' THEN Attack (support=0.1953, confidence=1.0000, n=293)
2026-09-14 09:41:26,500 - models.signature_engine - INFO -   IF land=1 THEN Attack (support=0.0053, confidence=1.0000, n=8)
2026-09-14 09:41:26,503 - models.signature_engine - INFO - Mining attack signatures from training data...
2026-09-14 09:41:26,515 - models.signature_engine - INFO - Signature mining complete: kept 2 signatures (from 9 candidates)
2026-09-14 09:41:26,515 - models.signature_engine - INFO -   IF flag='S0' THEN Attack (support=0.1953, confidence=1.0000, n=293)
2026-09-14 09:41:26,515 - models.signature_engine - INFO -   IF land=1 THEN Attack (support=0.0053, confidence=1.0000, n=8)
2026-09-14 09:41:26,519 - models.signature_engine - INFO - Mining attack signatures from training data...
2026-09-14 09:41:26,544 - models.signature_engine - INFO - Signature mining complete: kept 2 signatures (from 9 candidates)
2026-09-14 09:41:26,544 - models.signature_engine - INFO -   IF flag='S0' THEN Attack (support=0.1953, confidence=1.0000, n=293)
2026-09-14 09:41:26,544 - models.signature_engine - INFO -   IF land=1 THEN Attack (support=0.0053, confidence=1.0000, n=8)
2026-09-14 09:41:26,549 - models.signature_engine - INFO - Mining attack signatures from training data...
2026-09-14 09:41:26,565 - models.signature_engine - INFO - Signature mining complete: kept 2 signatures (from 9 candidates)
2026-09-14 09:41:26,565 - models.signature_engine - INFO -   IF flag='S0' THEN Attack (support=0.1953, confidence=1.0000, n=293)
2026-09-14 09:41:26,565 - models.signature_engine - INFO -   IF land=1 THEN Attack (support=0.0053, confidence=1.0000, n=8)
2026-09-14 09:41:57,512 - models.classifiers - INFO - Training XGBoost...
2026-09-14 09:41:57,541 - models.classifiers - INFO - XGBoost trained successfully
2026-09-14 09:41:57,542 - models.classifiers - INFO - Training LightGBM...
2026-09-14 09:41:57,553 - models.classifiers - INFO - LightGBM trained successfully
2026-09-14 09:41:57,555 - models.classifiers - INFO - Training XGBoost...
2026-09-14 09:41:57,581 - models.classifiers - INFO - XGBoost trained successfully
2026-09-14 09:41:57,581 - models.classifiers - INFO - Training LightGBM...
2026-09-14 09:41:57,592 - models.classifiers - INFO - LightGBM trained successfully
2026-09-14 09:41:57,592 - models.ensemble - INFO - Training ensemble with 2 models using hard voting...
2026-09-14 09:41:57,592 - models.ensemble - INFO -   Reusing already-trained model 1/2: XGBoost
2026-09-14 09:41:57,592 - models.ensemble - INFO -   Reusing already-trained model 2/2: LightGBM
2026-09-14 09:41:57,592 - models.ensemble - INFO - Ensemble training complete
2026-09-14 09:41:57,598 - models.classifiers - INFO - Training XGBoost...
2026-09-14 09:41:57,619 - models.classifiers - INFO - XGBoost trained successfully
2026-09-14 09:41:57,620 - models.classifiers - INFO - Training LightGBM...
2026-09-14 09:41:57,628 - models.classifiers - INFO - LightGBM trained successfully
2026-09-14 09:41:57,629 - models.ensemble - INFO - Training ensemble with 2 models using soft voting...
2026-09-14 09:41:57,629 - models.ensemble - INFO -   Reusing already-trained model 1/2: XGBoost
2026-09-14 09:41:57,629 - models.ensemble - INFO -   Reusing already-trained model 2/2: LightGBM
2026-09-14 09:41:57,629 - models.ensemble - INFO - Ensemble training complete
2026-09-14 09:41:57,638 - models.classifiers - INFO - Training XGBoost...
2026-09-14 09:41:57,661 - models.classifiers - INFO - XGBoost trained successfully
2026-09-14 09:41:57,661 - models.classifiers - INFO - Training LightGBM...
2026-09-14 09:41:57,668 - models.classifiers - INFO - LightGBM trained successfully
2026-09-14 09:41:57,668 - models.ensemble - INFO - Training ensemble with 2 models using soft voting...
2026-09-14 09:41:57,669 - models.ensemble - INFO -   Reusing already-trained model 1/2: XGBoost
2026-09-14 09:41:57,669 - models.ensemble - INFO -   Reusing already-trained model 2/2: LightGBM
2026-09-14 09:41:57,669 - models.ensemble - INFO - Ensemble training complete
2026-09-14 09:41:57,670 - models.classifiers - INFO - Training XGBoost...
2026-09-14 09:41:57,690 - models.classifiers - INFO - XGBoost trained successfully
2026-09-14 09:41:57,690 - models.classifiers - INFO - Training LightGBM...
2026-09-14 09:41:57,699 - models.classifiers - INFO - LightGBM trained successfully
2026-09-14 09:41:57,711 - features.engineer - INFO - Starting feature engineering (fit_transform)...
2026-09-14 09:41:57,732 - data.preprocessor - INFO - Starting preprocessing (fit_transform)...
2026-09-14 09:41:57,749 - data.preprocessor - INFO - Preprocessing complete. Shape: (5, 5)
2026-09-14 09:41:57,751 - models.signature_engine - INFO - Mining attack signatures from training data...
2026-09-14 09:41:57,763 - models.signature_engine - INFO - Signature mining complete: kept 2 signatures (from 9 candidates)
2026-09-14 09:41:57,764 - models.signature_engine - INFO -   IF flag='S0' THEN Attack (support=0.1953, confidence=1.0000, n=293)
2026-09-14 09:41:57,764 - models.signature_engine - INFO -   IF land=1 THEN Attack (support=0.0053, confidence=1.0000, n=8)
2026-09-14 09:41:57,766 - models.signature_engine - INFO - Mining attack signatures from training data...
2026-09-14 09:41:57,779 - models.signature_engine - INFO - Signature mining complete: kept 2 signatures (from 9 candidates)
2026-09-14 09:41:57,779 - models.signature_engine - INFO -   IF flag='S0' THEN Attack (support=0.1953, confidence=1.0000, n=293)
2026-09-14 09:41:57,779 - models.signature_engine - INFO -   IF land=1 THEN Attack (support=0.0053, confidence=1.0000, n=8)
2026-09-14 09:41:57,782 - models.signature_engine - INFO - Mining attack signatures from training data...
2026-09-14 09:41:57,795 - models.signature_engine - INFO - Signature mining complete: kept 2 signatures (from 9 candidates)
2026-09-14 09:41:57,796 - models.signature_engine - INFO -   IF flag='S0' THEN Attack (support=0.1953, confidence=1.0000, n=293)
2026-09-14 09:41:57,796 - models.signature_engine - INFO -   IF land=1 THEN Attack (support=0.0053, confidence=1.0000, n=8)
2026-09-14 09:41:57,798 - models.signature_engine - INFO - Mining attack signatures from training data...
2026-09-14 09:41:57,800 - models.signature_engine - INFO - Signature mining complete: kept 0 signatures (from 0 candidates)
2026-09-14 09:41:57,803 - models.signature_engine - INFO - Mining attack signatures from training data...
2026-09-14 09:41:57,816 - models.signature_engine - INFO - Signature mining complete: kept 2 signatures (from 9 candidates)
2026-09-14 09:41:57,816 - models.signature_engine - INFO -   IF flag='S0' THEN Attack (support=0.1953, confidence=1.0000, n=293)
2026-09-14 09:41:57,816 - models.signature_engine - INFO -   IF land=1 THEN Attack (support=0.0053, confidence=1.0000, n=8)
2026-09-14 09:41:57,820 - models.signature_engine - INFO - Mining attack signatures from training data...
2026-09-14 09:41:57,840 - models.signature_engine - INFO - Signature mining complete: kept 2 signatures (from 9 candidates)
2026-09-14 09:41:57,840 - models.signature_engine - INFO -   IF flag='S0' THEN Attack (support=0.1953, confidence=1.0000, n=293)
2026-09-14 09:41:57,840 - models.signature_engine - INFO -   IF land=1 THEN Attack (support=0.0053, confidence=1.0000, n=8)
2026-09-14 09:41:57,843 - models.signature_engine - INFO - Mining attack signatures from training data...
2026-09-14 09:41:57,858 - models.signature_engine - INFO - Signature mining complete: kept 2 signatures (from 9 candidates)
2026-09-14 09:41:57,858 - models.signature_engine - INFO -   IF flag='S0' THEN Attack (support=0.1953, confidence=1.0000, n=293)
2026-09-14 09:41:57,858 - models.signature_engine - INFO -   IF land=1 THEN Attack (support=0.0053, confidence=1.0000, n=8)
2026-09-14 09:41:57,862 - models.signature_engine - INFO - Mining attack signatures from training data...
2026-09-14 09:41:57,878 - models.signature_engine - INFO - Signature mining complete: kept 2 signatures (from 9 candidates)
2026-09-14 09:41:57,878 - models.signature_engine - INFO -   IF flag='S0' THEN Attack (support=0.1953, confidence=1.0000, n=293)
2026-09-14 09:41:57,878 - models.signature_engine - INFO -   IF land=1 THEN Attack (support=0.0053, confidence=1.0000, n=8)
2026-09-14 09:42:04,944 - models.ensemble - INFO - Training ensemble with 2 models using soft voting...
2026-09-14 09:42:04,944 - models.ensemble - INFO -   Reusing already-trained model 1/2: D
2026-09-14 09:42:04,944 - models.ensemble - INFO -   Reusing already-trained model 2/2: D
2026-09-14 09:42:04,944 - models.ensemble - INFO - Ensemble training complete
2026-09-14 12:11:19,663 - __main__ - INFO - ================================================================================
2026-09-14 12:11:19,708 - __main__ - INFO - HYBRID DATA-MINING BASED NETWORK INTRUSION DETECTION SYSTEM
2026-09-14 12:11:19,708 - __main__ - INFO - ================================================================================
2026-09-14 12:11:19,717 - utils.data_utils - INFO - Loading NSL-KDD dataset from C:\Users\HP 445\Downloads\NIDS_Hybrid_Fixed_Project\Final Year Project (HYBRID DATA MINING BASED NETWORK INTRUSION DETECTION SYSTEM )\data\raw\KDDTrain+_20Percent.txt
2026-09-14 12:11:21,089 - utils.data_utils - INFO - Loaded: 25192 rows × 43 columns
2026-09-14 12:11:21,158 - utils.data_utils - INFO - Converting to binary classification (normal vs. attack)
2026-09-14 12:11:22,091 - utils.data_utils - INFO - Binary distribution - Normal: 13449, Attack: 11743
2026-09-14 12:11:22,488 - utils.data_utils - INFO - Train-test split: 20153 train, 5039 test (20% test)
2026-09-14 12:11:22,488 - utils.data_utils - INFO - Loading NSL-KDD dataset from C:\Users\HP 445\Downloads\NIDS_Hybrid_Fixed_Project\Final Year Project (HYBRID DATA MINING BASED NETWORK INTRUSION DETECTION SYSTEM )\data\raw\KDDTest+.txt
2026-09-14 12:11:23,263 - utils.data_utils - INFO - Loaded: 22544 rows × 43 columns
2026-09-14 12:11:23,263 - utils.data_utils - INFO - Converting to binary classification (normal vs. attack)
2026-09-14 12:11:23,293 - utils.data_utils - INFO - Binary distribution - Normal: 9711, Attack: 12833
2026-09-14 12:11:23,363 - data.preprocessor - INFO - Starting preprocessing (fit_transform)...
2026-09-14 12:11:24,778 - data.preprocessor - INFO - Preprocessing complete. Shape: (20153, 118)
2026-09-14 12:11:24,808 - features.engineer - INFO - Starting feature engineering (fit_transform)...
2026-09-14 12:11:31,069 - models.classifiers - INFO - Training XGBoost...
2026-09-14 12:11:33,960 - models.classifiers - INFO - XGBoost trained successfully
2026-09-14 12:11:34,889 - models.base_model - INFO - XGBoost Metrics:
2026-09-14 12:11:34,889 - models.base_model - INFO -   accuracy: 0.7983
2026-09-14 12:11:34,903 - models.base_model - INFO -   precision: 0.9689
2026-09-14 12:11:34,907 - models.base_model - INFO -   recall: 0.6671
2026-09-14 12:11:34,908 - models.base_model - INFO -   f1: 0.7902
2026-09-14 12:11:34,914 - models.base_model - INFO -   roc_auc: 0.9611
2026-09-14 12:11:34,919 - models.classifiers - INFO - Training LightGBM...
2026-09-14 12:11:36,713 - models.classifiers - INFO - LightGBM trained successfully
2026-09-14 12:11:37,203 - models.base_model - INFO - LightGBM Metrics:
2026-09-14 12:11:37,203 - models.base_model - INFO -   accuracy: 0.7897
2026-09-14 12:11:37,208 - models.base_model - INFO -   precision: 0.9693
2026-09-14 12:11:37,208 - models.base_model - INFO -   recall: 0.6512
2026-09-14 12:11:37,214 - models.base_model - INFO -   f1: 0.7790
2026-09-14 12:11:37,214 - models.base_model - INFO -   roc_auc: 0.9584
2026-09-14 12:11:37,214 - models.classifiers - INFO - Training RandomForest...
2026-09-14 12:11:41,912 - models.classifiers - INFO - RandomForest trained successfully
2026-09-14 12:11:42,988 - models.base_model - INFO - RandomForest Metrics:
2026-09-14 12:11:42,988 - models.base_model - INFO -   accuracy: 0.7772
2026-09-14 12:11:42,988 - models.base_model - INFO -   precision: 0.9680
2026-09-14 12:11:42,993 - models.base_model - INFO -   recall: 0.6294
2026-09-14 12:11:42,993 - models.base_model - INFO -   f1: 0.7628
2026-09-14 12:11:42,993 - models.base_model - INFO -   roc_auc: 0.9640
2026-09-14 12:11:42,998 - models.classifiers - INFO - Training SVM...
2026-09-14 12:13:44,530 - models.classifiers - INFO - SVM trained successfully
2026-09-14 12:14:34,206 - models.base_model - INFO - SVM Metrics:
2026-09-14 12:14:34,206 - models.base_model - INFO -   accuracy: 0.8001
2026-09-14 12:14:34,211 - models.base_model - INFO -   precision: 0.9648
2026-09-14 12:14:34,211 - models.base_model - INFO -   recall: 0.6734
2026-09-14 12:14:34,211 - models.base_model - INFO -   f1: 0.7932
2026-09-14 12:14:34,211 - models.base_model - INFO -   roc_auc: 0.8850
2026-09-14 12:14:34,211 - models.classifiers - INFO - Training LogisticRegression...
2026-09-14 12:14:37,397 - models.classifiers - INFO - LogisticRegression trained successfully
2026-09-14 12:14:37,556 - models.base_model - INFO - LogisticRegression Metrics:
2026-09-14 12:14:37,556 - models.base_model - INFO -   accuracy: 0.7562
2026-09-14 12:14:37,556 - models.base_model - INFO -   precision: 0.9170
2026-09-14 12:14:37,564 - models.base_model - INFO -   recall: 0.6285
2026-09-14 12:14:37,565 - models.base_model - INFO -   f1: 0.7459
2026-09-14 12:14:37,565 - models.base_model - INFO -   roc_auc: 0.8348
2026-09-14 12:14:37,565 - models.ensemble - INFO - Training ensemble with 5 models using soft voting...
2026-09-14 12:14:37,566 - models.ensemble - INFO -   Reusing already-trained model 1/5: XGBoost
2026-09-14 12:14:37,566 - models.ensemble - INFO -   Reusing already-trained model 2/5: LightGBM
2026-09-14 12:14:37,566 - models.ensemble - INFO -   Reusing already-trained model 3/5: RandomForest
2026-09-14 12:14:37,566 - models.ensemble - INFO -   Reusing already-trained model 4/5: SVM
2026-09-14 12:14:37,566 - models.ensemble - INFO -   Reusing already-trained model 5/5: LogisticRegression
2026-09-14 12:14:37,566 - models.ensemble - INFO - Ensemble training complete
2026-09-14 12:14:37,566 - models.signature_engine - INFO - Mining attack signatures from training data...
2026-09-14 12:14:38,188 - models.signature_engine - INFO - Signature mining complete: kept 48 signatures (from 117 candidates)
2026-09-14 12:14:38,188 - models.signature_engine - INFO -   IF service='private' AND flag='S0' THEN Attack (support=0.1032, confidence=1.0000, n=2079)
2026-09-14 12:14:38,196 - models.signature_engine - INFO -   IF service='private' AND flag='REJ' THEN Attack (support=0.0309, confidence=1.0000, n=622)
2026-09-14 12:14:38,196 - models.signature_engine - INFO -   IF service='private' AND flag='RSTR' THEN Attack (support=0.0115, confidence=1.0000, n=231)
2026-09-14 12:14:38,196 - models.signature_engine - INFO -   IF service='ftp_data' AND flag='S0' THEN Attack (support=0.0084, confidence=1.0000, n=170)
2026-09-14 12:14:38,196 - models.signature_engine - INFO -   IF service='Z39_50' THEN Attack (support=0.0071, confidence=1.0000, n=143)
2026-09-14 12:14:38,196 - models.signature_engine - INFO -   IF service='courier' THEN Attack (support=0.0067, confidence=1.0000, n=135)
2026-09-14 12:14:38,206 - models.signature_engine - INFO -   IF service='uucp' THEN Attack (support=0.0061, confidence=1.0000, n=123)
2026-09-14 12:14:38,211 - models.signature_engine - INFO -   IF service='uucp_path' THEN Attack (support=0.0057, confidence=1.0000, n=114)
2026-09-14 12:14:38,217 - models.signature_engine - INFO -   IF service='whois' THEN Attack (support=0.0057, confidence=1.0000, n=114)
2026-09-14 12:14:38,217 - models.signature_engine - INFO -   IF service='bgp' THEN Attack (support=0.0054, confidence=1.0000, n=108)
2026-09-14 12:14:38,217 - models.signature_engine - INFO -   ... and 38 more
2026-09-14 12:14:38,226 - models.ensemble - INFO - Training ensemble with 5 models using soft voting...
2026-09-14 12:14:38,226 - models.ensemble - INFO -   Reusing already-trained model 1/5: XGBoost
2026-09-14 12:14:38,226 - models.ensemble - INFO -   Reusing already-trained model 2/5: LightGBM
2026-09-14 12:14:38,226 - models.ensemble - INFO -   Reusing already-trained model 3/5: RandomForest
2026-09-14 12:14:38,237 - models.ensemble - INFO -   Reusing already-trained model 4/5: SVM
2026-09-14 12:14:38,237 - models.ensemble - INFO -   Reusing already-trained model 5/5: LogisticRegression
2026-09-14 12:14:38,237 - models.ensemble - INFO - Ensemble training complete
2026-09-14 12:14:44,347 - evaluation.metrics - INFO - Optimal threshold for f1: 0.508 (0.9951)
2026-09-14 12:14:49,471 - evaluation.metrics - INFO - Evaluating model performance...
2026-09-14 12:14:49,516 - evaluation.metrics - INFO - Evaluation Metrics:
2026-09-14 12:14:49,526 - evaluation.metrics - INFO -   accuracy: 0.9954
2026-09-14 12:14:49,526 - evaluation.metrics - INFO -   precision: 0.9949
2026-09-14 12:14:49,526 - evaluation.metrics - INFO -   recall: 0.9953
2026-09-14 12:14:49,526 - evaluation.metrics - INFO -   f1: 0.9951
2026-09-14 12:14:49,526 - evaluation.metrics - INFO -   roc_auc: 0.9980
2026-09-14 12:15:34,961 - evaluation.metrics - INFO - Evaluating model performance...
2026-09-14 12:15:35,056 - evaluation.metrics - INFO - Evaluation Metrics:
2026-09-14 12:15:35,056 - evaluation.metrics - INFO -   accuracy: 0.8093
2026-09-14 12:15:35,056 - evaluation.metrics - INFO -   precision: 0.9708
2026-09-14 12:15:35,056 - evaluation.metrics - INFO -   recall: 0.6856
2026-09-14 12:15:35,060 - evaluation.metrics - INFO -   f1: 0.8036
2026-09-14 12:15:35,060 - evaluation.metrics - INFO -   roc_auc: 0.9551
2026-09-14 12:15:57,906 - __main__ - INFO - 
Final test results (official NSL-KDD KDDTest+):
2026-09-14 12:15:57,906 - __main__ - INFO - XGBoost: accuracy=0.7983, precision=0.9689, recall=0.6671, f1=0.7902, roc_auc=0.9611
2026-09-14 12:15:57,906 - __main__ - INFO - LightGBM: accuracy=0.7897, precision=0.9693, recall=0.6512, f1=0.7790, roc_auc=0.9584
2026-09-14 12:15:57,906 - __main__ - INFO - RandomForest: accuracy=0.7772, precision=0.9680, recall=0.6294, f1=0.7628, roc_auc=0.9640
2026-09-14 12:15:57,906 - __main__ - INFO - SVM: accuracy=0.8001, precision=0.9648, recall=0.6734, f1=0.7932, roc_auc=0.8850
2026-09-14 12:15:57,906 - __main__ - INFO - LogisticRegression: accuracy=0.7562, precision=0.9170, recall=0.6285, f1=0.7459, roc_auc=0.8348
2026-09-14 12:15:57,906 - __main__ - INFO - Validation: accuracy=0.9954, precision=0.9949, recall=0.9953, f1=0.9951, roc_auc=0.9980
2026-09-14 12:15:57,906 - __main__ - INFO - HybridFusion: accuracy=0.8093, precision=0.9708, recall=0.6856, f1=0.8036, roc_auc=0.9551
2026-09-14 12:15:57,906 - __main__ - INFO - Selected validation threshold: 0.508
2026-09-14 12:15:58,401 - utils.file_handler - INFO - Model saved to C:\Users\HP 445\Downloads\NIDS_Hybrid_Fixed_Project\Final Year Project (HYBRID DATA MINING BASED NETWORK INTRUSION DETECTION SYSTEM )\models\artifacts\hybrid_nids.joblib
2026-09-14 12:15:58,736 - utils.file_handler - INFO - Ensemble saved to C:\Users\HP 445\Downloads\NIDS_Hybrid_Fixed_Project\Final Year Project (HYBRID DATA MINING BASED NETWORK INTRUSION DETECTION SYSTEM )\models\artifacts\ensemble_nids.joblib
2026-09-14 12:15:58,781 - utils.file_handler - INFO - Model saved to C:\Users\HP 445\Downloads\NIDS_Hybrid_Fixed_Project\Final Year Project (HYBRID DATA MINING BASED NETWORK INTRUSION DETECTION SYSTEM )\models\artifacts\model_xgboost.joblib
2026-09-14 12:15:58,861 - utils.file_handler - INFO - Model saved to C:\Users\HP 445\Downloads\NIDS_Hybrid_Fixed_Project\Final Year Project (HYBRID DATA MINING BASED NETWORK INTRUSION DETECTION SYSTEM )\models\artifacts\model_lightgbm.joblib
2026-09-14 12:15:59,121 - utils.file_handler - INFO - Model saved to C:\Users\HP 445\Downloads\NIDS_Hybrid_Fixed_Project\Final Year Project (HYBRID DATA MINING BASED NETWORK INTRUSION DETECTION SYSTEM )\models\artifacts\model_randomforest.joblib
2026-09-14 12:15:59,141 - utils.file_handler - INFO - Model saved to C:\Users\HP 445\Downloads\NIDS_Hybrid_Fixed_Project\Final Year Project (HYBRID DATA MINING BASED NETWORK INTRUSION DETECTION SYSTEM )\models\artifacts\model_svm.joblib
2026-09-14 12:15:59,426 - utils.file_handler - INFO - Model saved to C:\Users\HP 445\Downloads\NIDS_Hybrid_Fixed_Project\Final Year Project (HYBRID DATA MINING BASED NETWORK INTRUSION DETECTION SYSTEM )\models\artifacts\model_logisticregression.joblib
2026-09-14 12:15:59,451 - utils.file_handler - INFO - Model saved to C:\Users\HP 445\Downloads\NIDS_Hybrid_Fixed_Project\Final Year Project (HYBRID DATA MINING BASED NETWORK INTRUSION DETECTION SYSTEM )\pipelines\artifacts\preprocessor.joblib
2026-09-14 12:15:59,466 - utils.file_handler - INFO - Model saved to C:\Users\HP 445\Downloads\NIDS_Hybrid_Fixed_Project\Final Year Project (HYBRID DATA MINING BASED NETWORK INTRUSION DETECTION SYSTEM )\pipelines\artifacts\feature_engineer.joblib
2026-09-14 12:15:59,497 - __main__ - INFO - Artifacts saved in C:\Users\HP 445\Downloads\NIDS_Hybrid_Fixed_Project\Final Year Project (HYBRID DATA MINING BASED NETWORK INTRUSION DETECTION SYSTEM )\models\artifacts and C:\Users\HP 445\Downloads\NIDS_Hybrid_Fixed_Project\Final Year Project (HYBRID DATA MINING BASED NETWORK INTRUSION DETECTION SYSTEM )\pipelines\artifacts
2026-09-14 12:15:59,506 - __main__ - INFO - Training completed successfully.
